Running "file_info:inject_multiple_dest_2" (file_info) task

  Updating inject_multiple_dest_2 sizes in test/actual/inject_dest_1.txt from:

  ###Size
  
  |          | Version 1 | Version 2 |
  | :------- | --------: | --------: |
  | Original |   22.1 kB |   22.1 kB |
  | Minified |   16.4 kB |     18 kB |
  | Gzipped  | 601 bytes | 615 bytes |

  to:

  ###Size
  
  |          | Version 1 | Version 2 |
  | :------- | --------: | --------: |
  | Original |   22.1 kB |     28 kB |
  | Minified |   16.4 kB |   16.4 kB |
  | Gzipped  | 601 bytes | 601 bytes |

  Updating inject_multiple_dest_2 sizes in test/actual/inject_dest_2.txt from:

  ###Size
  
  |          | Version 1 | Version 2 |
  | :------- | --------: | --------: |
  | Original |           |   22.1 kB |
  | Minified |           |     18 kB |
  | Gzipped  |           | 615 bytes |

  to:

  ###Size
  
  |          | Version 1 | Version 2 |
  | :------- | --------: | --------: |
  | Original |           |     28 kB |
  | Minified |           |   16.4 kB |
  | Gzipped  |           | 601 bytes |

  Updating inject_multiple_dest_2 sizes in test/actual/inject_dest_3.txt from:

  ###Size
  
  |          | Version 1 | Version 2 |
  | :------- | --------: | --------: |
  | Original |   22.1 kB |           |
  | Minified |     18 kB |           |
  | Gzipped  | 615 bytes |           |

  to:

  ###Size
  
  |          | Version 1 | Version 2 |
  | :------- | --------: | --------: |
  | Original |     28 kB |           |
  | Minified |   16.4 kB |           |
  | Gzipped  | 601 bytes |           |

  inject_multiple_dest_2 file sizes:

  test/fixtures/source_file_v2.js             28 kB (878 bytes gzipped)
  test/fixtures/minified_source_file.js       16.4 kB (601 bytes gzipped)

Done, without errors.
