Running "file_info:stdout_template_1" (file_info) task

0001
Path: test/fixtures/source_file.js
Name: source_file.js
Type: js
Size: 22.1 kB
Gzip: 831 bytes (96.23% savings)
Date: Sat Dec 21 2013

0002
Path: test/fixtures/minified_source_file.js
Name: minified_source_file.js
Type: js
Size: 16.4 kB
Gzip: 601 bytes (96.33% savings)
Date: Sat Dec 21 2013

Done, without errors.
