Running "file_info:inject_overlay" (file_info) task

  Updating inject_overlay sizes in test/actual/inject_dest_1.txt from:

  ###Size
  
  |          | Version 1 | Version 2 |
  | :------- | --------: | --------: |
  | Original |   22.1 kB |           |
  | Minified |   16.4 kB |           |
  | Gzipped  | 601 bytes |           |

  to:

  ###Size
  
  |          | Version 1 | Version 2 |
  | :------- | --------: | --------: |
  | Original |   22.1 kB |     28 kB |
  | Minified |   16.4 kB |     18 kB |
  | Gzipped  | 601 bytes | 615 bytes |

  inject_overlay file sizes:

  test/fixtures/source_file_v2.js                28 kB (878 bytes gzipped)
  test/fixtures/minified_source_file_v2.js       18 kB (615 bytes gzipped)

Done, without errors.
