Running "file_info:stdout_true" (file_info) task

  stdout_true file sizes:

  test/fixtures/source_file.js                22.1 kB (831 bytes gzipped)
  test/fixtures/minified_source_file.js       16.4 kB (601 bytes gzipped)

Done, without errors.
