Running "file_info:default_options" (file_info) task

  default_options file sizes:

  test/fixtures/source_file.js                22.1 kB (831 bytes gzipped)
  test/fixtures/minified_source_file.js       16.4 kB (601 bytes gzipped)

Done, without errors.
